Name: b
Definition (definition.package):
package a.b;
Lineage: [a]
Lineage types: [package]

Name: TestService
Declaration (definition.class):
service TestService {
  rpc Echo(EchoRequest) returns (EchoResponse) {}
}

Name: Echo
Declaration (definition.function):
rpc Echo(EchoRequest) returns (EchoResponse) {}
Lineage: [TestService]
Lineage types: [class]

Name: EchoRequest
Doc:
// EchoRequest comment.
Definition (definition.class):
message EchoRequest {
  string message = 1;
}

Name: EchoResponse
Doc:
// EchoResponse comment.
Definition (definition.class):
message EchoResponse {
  string message = 1;
}
