Name: created
Definition (definition.function):
created: function () {
            if (this.value === undefined) {
                this.value = '';
            }
        }

Name: foo
Definition (definition.function):
function foo() {
        console.log('foo');
    }

Name: log
Reference (reference.call):
console.log('foo')
