Name: p2
Definition (definition.package):
package p1.p2;
Lineage: [p1]
Lineage types: [package]

Name: Foo
Doc:
// Class Foo.
Definition (definition.class):
public class Foo {
  // Constructor comment.
  public Foo() {}
  /** Foo1. */
  static public void foo1(int x) {}
}

Name: foo1
Doc:
/** Foo1. */
Definition (definition.method):
static public void foo1(int x) {}
Lineage: [Foo]
Lineage types: [class]

Name: Bar
Doc:
// Interface Bar.
Definition (definition.interface):
interface Bar {
  void declarationOnly();
  // implementation.
  void implementation(float y) {}
}

Name: declarationOnly
Declaration (definition.method):
void declarationOnly();
Lineage: [Bar]
Lineage types: [interface]

Name: implementation
Doc:
// implementation.
Definition (definition.method):
void implementation(float y) {}
Lineage: [Bar]
Lineage types: [interface]
